src/app/(dashboard)/actions.ts(290,62): error TS2353: Object literal may only specify known properties, and 'data' does not exist in type 'ActionState'.
src/app/(dashboard)/actions.ts(616,11): error TS2322: Type '{ sourceCount: number; id: string; name: string; domain: string; url: string; sitemapUrl: string | null; lastSyncAt: Date | null; indexNowVerified: boolean | null; bingApiKeyLastFour: string | null; autoIndexingEnabled: boolean | null; }[]' is not assignable to type 'DashboardSiteSummary[]'.
  Type '{ sourceCount: number; id: string; name: string; domain: string; url: string; sitemapUrl: string | null; lastSyncAt: Date | null; indexNowVerified: boolean | null; bingApiKeyLastFour: string | null; autoIndexingEnabled: boolean | null; }' is not assignable to type 'DashboardSiteSummary'.
    Types of property 'indexNowVerified' are incompatible.
      Type 'boolean | null' is not assignable to type 'boolean'.
        Type 'null' is not assignable to type 'boolean'.
src/app/(dashboard)/actions.ts(685,33): error TS2339: Property 'siteHealth' does not exist on type '{ id: string; userId: string; name: string; domain: string; url: string; sitemapUrl: string | null; indexNowKey: string | null; indexNowKeyLocation: string | null; indexNowVerified: boolean | null; ... 6 more ...; updatedAt: Date | null; }'.
src/app/(dashboard)/dashboard/cron/CronJobsView.tsx(64,60): error TS2769: No overload matches this call.
  Overload 1 of 2, '(action: (state: { status: string; message: string; }) => { status: string; message: string; } | Promise<{ status: string; message: string; }>, initialState: { status: string; message: string; }, permalink?: string | undefined): [state: ...]', gave the following error.
    Argument of type '(_: ActionState, formData: FormData) => Promise<ActionState>' is not assignable to parameter of type '(state: { status: string; message: string; }) => { status: string; message: string; } | Promise<{ status: string; message: string; }>'.
      Target signature provides too few arguments. Expected 2 or more, but got 1.
  Overload 2 of 2, '(action: (state: { status: string; message: string; }, payload: FormData) => { status: string; message: string; } | Promise<{ status: string; message: string; }>, initialState: { status: string; message: string; }, permalink?: string | undefined): [state: ...]', gave the following error.
    Argument of type '(_: ActionState, formData: FormData) => Promise<ActionState>' is not assignable to parameter of type '(state: { status: string; message: string; }, payload: FormData) => { status: string; message: string; } | Promise<{ status: string; message: string; }>'.
      Types of parameters '_' and 'state' are incompatible.
        Type '{ status: string; message: string; }' is not assignable to type 'ActionState'.
          Types of property 'status' are incompatible.
            Type 'string' is not assignable to type '"success" | "error" | "idle"'.
src/app/(dashboard)/dashboard/cron/CronJobsView.tsx(65,60): error TS2769: No overload matches this call.
  Overload 1 of 2, '(action: (state: { status: string; message: string; }) => { status: string; message: string; } | Promise<{ status: string; message: string; }>, initialState: { status: string; message: string; }, permalink?: string | undefined): [state: ...]', gave the following error.
    Argument of type '(_: ActionState, formData: FormData) => Promise<ActionState>' is not assignable to parameter of type '(state: { status: string; message: string; }) => { status: string; message: string; } | Promise<{ status: string; message: string; }>'.
      Target signature provides too few arguments. Expected 2 or more, but got 1.
  Overload 2 of 2, '(action: (state: { status: string; message: string; }, payload: FormData) => { status: string; message: string; } | Promise<{ status: string; message: string; }>, initialState: { status: string; message: string; }, permalink?: string | undefined): [state: ...]', gave the following error.
    Argument of type '(_: ActionState, formData: FormData) => Promise<ActionState>' is not assignable to parameter of type '(state: { status: string; message: string; }, payload: FormData) => { status: string; message: string; } | Promise<{ status: string; message: string; }>'.
      Types of parameters '_' and 'state' are incompatible.
        Type '{ status: string; message: string; }' is not assignable to type 'ActionState'.
          Types of property 'status' are incompatible.
            Type 'string' is not assignable to type '"success" | "error" | "idle"'.
src/app/(dashboard)/dashboard/cron/CronJobsView.tsx(115,22): error TS2554: Expected 0 arguments, but got 1.
src/app/(dashboard)/dashboard/cron/CronJobsView.tsx(125,21): error TS2554: Expected 0 arguments, but got 1.
src/app/(dashboard)/dashboard/sitemaps/SitemapsView.tsx(69,74): error TS2345: Argument of type 'string' is not assignable to parameter of type 'never'.
src/app/(dashboard)/my-sites/MySitesView.tsx(66,22): error TS7006: Parameter 'e' implicitly has an 'any' type.
src/app/(dashboard)/my-sites/page.tsx(50,23): error TS2322: Type '{ sourceCount: number; id: string; name: string; domain: string; url: string; sitemapUrl: string | null; lastSyncAt: Date | null; indexNowVerified: boolean | null; bingApiKeyLastFour: string | null; autoIndexingEnabled: boolean | null; }[]' is not assignable to type 'DashboardSiteSummary[]'.
  Type '{ sourceCount: number; id: string; name: string; domain: string; url: string; sitemapUrl: string | null; lastSyncAt: Date | null; indexNowVerified: boolean | null; bingApiKeyLastFour: string | null; autoIndexingEnabled: boolean | null; }' is not assignable to type 'DashboardSiteSummary'.
    Types of property 'indexNowVerified' are incompatible.
      Type 'boolean | null' is not assignable to type 'boolean'.
        Type 'null' is not assignable to type 'boolean'.
src/app/(dashboard)/sites/[id]/_components/AutomationManager.tsx(52,60): error TS2769: No overload matches this call.
  Overload 1 of 2, '(action: (state: { status: string; message: string; }) => { status: string; message: string; } | Promise<{ status: string; message: string; }>, initialState: { status: string; message: string; }, permalink?: string | undefined): [state: ...]', gave the following error.
    Argument of type '(_: ActionState, formData: FormData) => Promise<ActionState>' is not assignable to parameter of type '(state: { status: string; message: string; }) => { status: string; message: string; } | Promise<{ status: string; message: string; }>'.
      Target signature provides too few arguments. Expected 2 or more, but got 1.
  Overload 2 of 2, '(action: (state: { status: string; message: string; }, payload: FormData) => { status: string; message: string; } | Promise<{ status: string; message: string; }>, initialState: { status: string; message: string; }, permalink?: string | undefined): [state: ...]', gave the following error.
    Argument of type '(_: ActionState, formData: FormData) => Promise<ActionState>' is not assignable to parameter of type '(state: { status: string; message: string; }, payload: FormData) => { status: string; message: string; } | Promise<{ status: string; message: string; }>'.
      Types of parameters '_' and 'state' are incompatible.
        Type '{ status: string; message: string; }' is not assignable to type 'ActionState'.
          Types of property 'status' are incompatible.
            Type 'string' is not assignable to type '"success" | "error" | "idle"'.
src/app/(dashboard)/sites/[id]/_components/AutomationManager.tsx(53,60): error TS2769: No overload matches this call.
  Overload 1 of 2, '(action: (state: { status: string; message: string; }) => { status: string; message: string; } | Promise<{ status: string; message: string; }>, initialState: { status: string; message: string; }, permalink?: string | undefined): [state: ...]', gave the following error.
    Argument of type '(_: ActionState, formData: FormData) => Promise<ActionState>' is not assignable to parameter of type '(state: { status: string; message: string; }) => { status: string; message: string; } | Promise<{ status: string; message: string; }>'.
      Target signature provides too few arguments. Expected 2 or more, but got 1.
  Overload 2 of 2, '(action: (state: { status: string; message: string; }, payload: FormData) => { status: string; message: string; } | Promise<{ status: string; message: string; }>, initialState: { status: string; message: string; }, permalink?: string | undefined): [state: ...]', gave the following error.
    Argument of type '(_: ActionState, formData: FormData) => Promise<ActionState>' is not assignable to parameter of type '(state: { status: string; message: string; }, payload: FormData) => { status: string; message: string; } | Promise<{ status: string; message: string; }>'.
      Types of parameters '_' and 'state' are incompatible.
        Type '{ status: string; message: string; }' is not assignable to type 'ActionState'.
          Types of property 'status' are incompatible.
            Type 'string' is not assignable to type '"success" | "error" | "idle"'.
src/app/(dashboard)/sites/[id]/_components/AutomationManager.tsx(85,22): error TS2554: Expected 0 arguments, but got 1.
src/app/(dashboard)/sites/[id]/_components/AutomationManager.tsx(92,21): error TS2554: Expected 0 arguments, but got 1.
src/app/(dashboard)/sites/[id]/_components/ConfigEditor.tsx(112,28): error TS7006: Parameter 'e' implicitly has an 'any' type.
src/app/(dashboard)/sites/[id]/_components/ConfigEditor.tsx(121,28): error TS7006: Parameter 'e' implicitly has an 'any' type.
src/app/(dashboard)/sites/[id]/_components/ConfigEditor.tsx(154,28): error TS7006: Parameter 'e' implicitly has an 'any' type.
src/app/(dashboard)/sites/[id]/_components/SitemapManager.tsx(99,24): error TS7006: Parameter 'e' implicitly has an 'any' type.
src/app/(dashboard)/sites/[id]/audit/page.tsx(34,72): error TS2339: Property 'siteHealth' does not exist on type 'PgTableWithColumns<{ name: "websites"; schema: undefined; columns: { id: PgColumn<{ name: "id"; tableName: "websites"; dataType: "string"; columnType: "PgUUID"; data: string; driverParam: string; notNull: true; hasDefault: true; ... 6 more ...; generated: undefined; }, {}, {}>; ... 14 more ...; updatedAt: PgColumn<....'.
src/app/(landing)/blog/_components/blog-search.tsx(35,20): error TS7006: Parameter 'e' implicitly has an 'any' type.
src/app/api/chat/dashboard/route.ts(52,7): error TS2353: Object literal may only specify known properties, and 'id' does not exist in type 'LanguageModelV3 | LanguageModelV2'.
src/app/api/chat/dashboard/route.ts(55,12): error TS2352: Conversion of type '{ list_websites: { description: string; execute: () => Promise<string>; }; submit_url: { description: string; inputSchema: z.ZodObject<{ url: z.ZodString; websiteId: z.ZodOptional<z.ZodString>; }, z.core.$strip>; execute: ({ url, websiteId }: any) => Promise<...>; }; ... 4 more ...; manage_automation: { ...; }; }' to type 'ToolSet' may be a mistake because neither type sufficiently overlaps with the other. If this was intentional, convert the expression to 'unknown' first.
  Property 'list_websites' is incompatible with index signature.
    Type '{ description: string; execute: () => Promise<string>; }' is not comparable to type '(Tool<never, never> | Tool<any, any> | Tool<any, never> | Tool<never, any>) & Pick<Tool<any, any>, "execute" | "onInputAvailable" | "onInputStart" | "onInputDelta" | "needsApproval">'.
      Type '{ description: string; execute: () => Promise<string>; }' is not comparable to type '({ description?: string | undefined; title?: string | undefined; providerOptions?: SharedV3ProviderOptions | undefined; inputSchema: FlexibleSchema<any>; ... 5 more ...; onInputAvailable?: ((options: { ...; } & ToolExecutionOptions) => void | PromiseLike<...>) | undefined; } & Partial<...> & { ...; } & { ...; } & Pi...'.
        Type '{ description: string; execute: () => Promise<string>; }' is not comparable to type '{ description?: string | undefined; title?: string | undefined; providerOptions?: SharedV3ProviderOptions | undefined; inputSchema: FlexibleSchema<never>; ... 5 more ...; onInputAvailable?: ((options: { ...; } & ToolExecutionOptions) => void | PromiseLike<...>) | undefined; } & Partial<...> & { ...; } & { ...; } & P...'.
          Property 'inputSchema' is missing in type '{ description: string; execute: () => Promise<string>; }' but required in type '{ description?: string | undefined; title?: string | undefined; providerOptions?: SharedV3ProviderOptions | undefined; inputSchema: FlexibleSchema<never>; ... 5 more ...; onInputAvailable?: ((options: { ...; } & ToolExecutionOptions) => void | PromiseLike<...>) | undefined; }'.
src/app/api/mcp/route.ts(279,67): error TS2339: Property 'siteHealth' does not exist on type '{ id: string; userId: string; name: string; domain: string; url: string; sitemapUrl: string | null; indexNowKey: string | null; indexNowKeyLocation: string | null; indexNowVerified: boolean | null; ... 6 more ...; updatedAt: Date | null; }'.
src/app/api/websites/[id]/audit/route.ts(37,9): error TS2353: Object literal may only specify known properties, and 'siteHealth' does not exist in type '{ url?: string | SQL<unknown> | PgColumn<ColumnBaseConfig<ColumnDataType, string>, {}, {}> | undefined; name?: string | SQL<unknown> | PgColumn<...> | undefined; ... 13 more ...; lastSyncAt?: SQL<...> | ... 3 more ... | undefined; }'.
src/app/api/websites/[id]/submit/route.ts(122,68): error TS2339: Property 'siteHealth' does not exist on type '{ id: string; userId: string; name: string; domain: string; url: string; sitemapUrl: string | null; indexNowKey: string | null; indexNowKeyLocation: string | null; indexNowVerified: boolean | null; ... 6 more ...; updatedAt: Date | null; }'.
src/app/api/websites/[id]/urls/route.ts(86,64): error TS2339: Property 'siteHealth' does not exist on type '{ id: string; userId: string; name: string; domain: string; url: string; sitemapUrl: string | null; indexNowKey: string | null; indexNowKeyLocation: string | null; indexNowVerified: boolean | null; ... 6 more ...; updatedAt: Date | null; }'.
src/app/api/websites/route.ts(61,8): error TS2769: No overload matches this call.
  Overload 1 of 2, '(value: { url: string | SQL<unknown> | Placeholder<string, any>; name: string | SQL<unknown> | Placeholder<string, any>; userId: string | SQL<unknown> | Placeholder<string, any>; ... 12 more ...; lastSyncAt?: SQL<...> | ... 3 more ... | undefined; }): PgInsertBase<...>', gave the following error.
    Argument of type '{ userId: string; url: string; sitemapUrl: any; indexNowKey: any; bingApiKey: any; }' is not assignable to parameter of type '{ url: string | SQL<unknown> | Placeholder<string, any>; name: string | SQL<unknown> | Placeholder<string, any>; userId: string | SQL<unknown> | Placeholder<string, any>; ... 12 more ...; lastSyncAt?: SQL<...> | ... 3 more ... | undefined; }'.
      Type '{ userId: string; url: string; sitemapUrl: any; indexNowKey: any; bingApiKey: any; }' is missing the following properties from type '{ url: string | SQL<unknown> | Placeholder<string, any>; name: string | SQL<unknown> | Placeholder<string, any>; userId: string | SQL<unknown> | Placeholder<string, any>; ... 12 more ...; lastSyncAt?: SQL<...> | ... 3 more ... | undefined; }': name, domain
  Overload 2 of 2, '(values: { url: string | SQL<unknown> | Placeholder<string, any>; name: string | SQL<unknown> | Placeholder<string, any>; userId: string | SQL<unknown> | Placeholder<string, any>; ... 12 more ...; lastSyncAt?: SQL<...> | ... 3 more ... | undefined; }[]): PgInsertBase<...>', gave the following error.
    Object literal may only specify known properties, and 'userId' does not exist in type '{ url: string | SQL<unknown> | Placeholder<string, any>; name: string | SQL<unknown> | Placeholder<string, any>; userId: string | SQL<unknown> | Placeholder<string, any>; ... 12 more ...; lastSyncAt?: SQL<...> | ... 3 more ... | undefined; }[]'.
src/app/blog/mcp/_components/blog-form.tsx(132,26): error TS7006: Parameter 'e' implicitly has an 'any' type.
src/app/blog/mcp/_components/blog-form.tsx(141,26): error TS7006: Parameter 'e' implicitly has an 'any' type.
src/app/blog/mcp/_components/blog-form.tsx(160,28): error TS7006: Parameter 'e' implicitly has an 'any' type.
src/app/blog/mcp/_components/blog-form.tsx(169,28): error TS7006: Parameter 'e' implicitly has an 'any' type.
src/app/blog/mcp/_components/blog-form.tsx(186,26): error TS7006: Parameter 'e' implicitly has an 'any' type.
src/app/blog/mcp/_components/blog-form.tsx(194,26): error TS7006: Parameter 'e' implicitly has an 'any' type.
src/app/blog/mcp/_components/blog-form.tsx(194,99): error TS7006: Parameter 's' implicitly has an 'any' type.
src/app/blog/mcp/_components/blog-form.tsx(201,15): error TS2322: Type 'string | null | undefined' is not assignable to type 'string | number | readonly string[] | undefined'.
  Type 'null' is not assignable to type 'string | number | readonly string[] | undefined'.
src/app/blog/mcp/_components/blog-form.tsx(232,30): error TS7006: Parameter 'e' implicitly has an 'any' type.
src/app/blog/mcp/_components/blog-form.tsx(278,30): error TS7006: Parameter 'e' implicitly has an 'any' type.
src/components/dashboard/NewSiteFlow.tsx(81,41): error TS2339: Property 'data' does not exist on type 'ActionState'.
src/components/dashboard/NewSiteFlow.tsx(82,24): error TS2339: Property 'data' does not exist on type 'ActionState'.
src/components/dashboard/NewSiteFlow.tsx(214,28): error TS7006: Parameter 'e' implicitly has an 'any' type.
src/components/dashboard/NewSiteFlow.tsx(224,28): error TS7006: Parameter 'e' implicitly has an 'any' type.
src/components/dashboard/NewSiteFlow.tsx(234,28): error TS7006: Parameter 'e' implicitly has an 'any' type.
src/components/dashboard/NewSiteFlow.tsx(263,32): error TS7006: Parameter 'e' implicitly has an 'any' type.
src/components/dashboard/NewSiteFlow.tsx(314,30): error TS7006: Parameter 'e' implicitly has an 'any' type.
src/components/dashboard/NewSiteFlow.tsx(324,30): error TS7006: Parameter 'e' implicitly has an 'any' type.
src/components/dashboard/NewSiteFlow.tsx(371,30): error TS7006: Parameter 'e' implicitly has an 'any' type.
src/lib/services/cron-job-runner.ts(118,28): error TS2339: Property 'siteHealth' does not exist on type 'PgTableWithColumns<{ name: "websites"; schema: undefined; columns: { id: PgColumn<{ name: "id"; tableName: "websites"; dataType: "string"; columnType: "PgUUID"; data: string; driverParam: string; notNull: true; hasDefault: true; ... 6 more ...; generated: undefined; }, {}, {}>; ... 14 more ...; updatedAt: PgColumn<....'.
src/lib/services/indexing-service.ts(87,20): error TS2339: Property 'siteHealth' does not exist on type '{ url: string; id: string; name: string; createdAt: Date | null; updatedAt: Date | null; userId: string; domain: string; sitemapUrl: string | null; indexNowKey: string | null; ... 6 more ...; lastSyncAt: Date | null; }'.
src/lib/services/indexing-service.ts(88,13): error TS2339: Property 'siteHealth' does not exist on type '{ url: string; id: string; name: string; createdAt: Date | null; updatedAt: Date | null; userId: string; domain: string; sitemapUrl: string | null; indexNowKey: string | null; ... 6 more ...; lastSyncAt: Date | null; }'.
src/lib/services/indexing-service.ts(89,21): error TS2339: Property 'siteHealth' does not exist on type '{ url: string; id: string; name: string; createdAt: Date | null; updatedAt: Date | null; userId: string; domain: string; sitemapUrl: string | null; indexNowKey: string | null; ... 6 more ...; lastSyncAt: Date | null; }'.
src/lib/services/indexing-service.ts(91,19): error TS2339: Property 'siteHealth' does not exist on type '{ url: string; id: string; name: string; createdAt: Date | null; updatedAt: Date | null; userId: string; domain: string; sitemapUrl: string | null; indexNowKey: string | null; ... 6 more ...; lastSyncAt: Date | null; }'.
src/lib/services/indexing-service.ts(138,15): error TS2339: Property 'yandexToken' does not exist on type '{ url: string; id: string; name: string; createdAt: Date | null; updatedAt: Date | null; userId: string; domain: string; sitemapUrl: string | null; indexNowKey: string | null; ... 6 more ...; lastSyncAt: Date | null; }'.
src/lib/services/indexing-service.ts(139,59): error TS2339: Property 'yandexToken' does not exist on type '{ url: string; id: string; name: string; createdAt: Date | null; updatedAt: Date | null; userId: string; domain: string; sitemapUrl: string | null; indexNowKey: string | null; ... 6 more ...; lastSyncAt: Date | null; }'.
src/lib/services/indexing-service.ts(150,15): error TS2339: Property 'baiduToken' does not exist on type '{ url: string; id: string; name: string; createdAt: Date | null; updatedAt: Date | null; userId: string; domain: string; sitemapUrl: string | null; indexNowKey: string | null; ... 6 more ...; lastSyncAt: Date | null; }'.
src/lib/services/indexing-service.ts(151,58): error TS2339: Property 'baiduToken' does not exist on type '{ url: string; id: string; name: string; createdAt: Date | null; updatedAt: Date | null; userId: string; domain: string; sitemapUrl: string | null; indexNowKey: string | null; ... 6 more ...; lastSyncAt: Date | null; }'.
src/lib/services/indexing-service.ts(162,15): error TS2339: Property 'naverToken' does not exist on type '{ url: string; id: string; name: string; createdAt: Date | null; updatedAt: Date | null; userId: string; domain: string; sitemapUrl: string | null; indexNowKey: string | null; ... 6 more ...; lastSyncAt: Date | null; }'.
src/lib/services/indexing-service.ts(163,58): error TS2339: Property 'naverToken' does not exist on type '{ url: string; id: string; name: string; createdAt: Date | null; updatedAt: Date | null; userId: string; domain: string; sitemapUrl: string | null; indexNowKey: string | null; ... 6 more ...; lastSyncAt: Date | null; }'.
